// Jest Snapshot v1, https://goo.gl/fbAQLP

exports[`the network security config (config plugin) writes network_security_config.xml as it was reviewed 1`] = `
"<?xml version="1.0" encoding="utf-8"?>
<network-security-config>
  <base-config cleartextTrafficPermitted="true">
    <trust-anchors>
      <certificates src="system"/>
      <certificates src="user"/>
    </trust-anchors>
  </base-config>
</network-security-config>
"
`;
